[RealBufOpen] FileType: oil
[RealBufOpen] FileType: oil
[RealBufOpen] FileType: oil
[RealBufOpen] FileType: oil
[RealBufOpen] FileType: oil
[RealBufOpen] FileType: oil
[RealBufOpen] FileType: oil
[RealBufOpen] FileType: oil
[RealBufOpen] FileType: oil
[RealBufOpen] FileType: oil
[RealBufOpen] FileType: oil
[RealBufOpen] FileType: oil
[RealBufOpen] FileType: lua
[RealBufOpen] FileType: oil
[RealBufOpen] FileType: oil
[RealBufOpen] FileType: oil
[RealBufOpen] FileType: lazy_backdrop
[RealBufOpen] FileType: lazy
[RealBufOpen] FileType: nix
[RealBufOpen] FileType: oil
[RealBufOpen] FileType: oil
[RealBufOpen] FileType: oil
[RealBufOpen] FileType: oil
[RealBufOpen] FileType: oil
[RealBufOpen] FileType: oil
[RealBufOpen] FileType: oil
[RealBufOpen] FileType: oil
[RealBufOpen] FileType: oil
[RealBufOpen] FileType: oil
[RealBufOpen] FileType: oil
[RealBufOpen] FileType: oil
[RealBufOpen] FileType: lua
